     1                                  bits 32 ; assembling for the 32 bits architecture
     2                                  
     3                                  ; declare the EntryPoint (a label defining the very first instruction of the program)
     4                                  global start        
     5                                  
     6                                  ; declare external functions needed by our program
     7                                  extern exit, printf               ; tell nasm that exit exists even if we won't be defining it
     8                                  import exit msvcrt.dll    ; exit is a function that ends the calling process. It is defined in msvcrt.dll
     9                                  import printf msvcrt.dll
    10                                  
    11                                  ; our data is declared here (the variables needed by our program)
    12                                  segment data use32 class=data
    13 00000000 17000000                    a dd 23
    14 00000004 08000000                    b dd 8
    15 00000008 2564206D6F64202564-         message db "%d mod %d = %d", 0
    15 00000011 203D20256400       
    16                                  ; our code starts here
    17                                  segment code use32 class=code
    18                                      start:
    19                                          ;Two natural numbers a and b (a: dword, b: dword, defined in the data segment) are given. Calculate a/b and display the remainder in the following format: "<a> mod <b> = <remainder>". Example: for a = 23, b 
    20                                          ;The values will be displayed in decimal format (base 10) with sign.
    21                                          
    22 00000000 31C0                            xor eax, eax
    23 00000002 31DB                            xor ebx, ebx
    24 00000004 A1[00000000]                    mov eax, [a]
    25 00000009 8B1D[04000000]                  mov ebx, [b]
    26 0000000F 99                              cdq
    27 00000010 F7FB                            idiv ebx
    28                                          
    29 00000012 52                              push edx
    30 00000013 FF35[04000000]                  push dword [b]
    31 00000019 FF35[00000000]                  push dword [a]
    32 0000001F 68[08000000]                    push dword message
    33 00000024 FF15[00000000]                  call [printf]
    34 0000002A 83C410                          add esp, 4*4
    35                                          ; exit(0)
    36 0000002D 6A00                            push    dword 0      ; push the parameter for exit onto the stack
    37 0000002F FF15[00000000]                  call    [exit]       ; call exit to terminate the program
